###############################################################################
#
# IAR ELF Linker V7.50.2.10312/W32 for ARM                13/Sep/2018  20:29:56
# Copyright 2007-2015 IAR Systems AB.
#
#    Output file  =  
#        D:\LETI_MAG\9_sem\SW_Testing\Labs\To_Test\LR6\My
#        Mouse\EWARM\STM32F3_HID_MOUSE_LSM303DLHC\Exe\STM32F3_HID_MOUSE_LSM303DLHC.out
#    Map file     =  
#        D:\LETI_MAG\9_sem\SW_Testing\Labs\To_Test\LR6\My
#        Mouse\EWARM\STM32F3_HID_MOUSE_LSM303DLHC\List\STM32F3_HID_MOUSE_LSM303DLHC.map
#    Command line =  
#        "D:\LETI_MAG\9_sem\SW_Testing\Labs\To_Test\LR6\My
#        Mouse\EWARM\STM32F3_HID_MOUSE_LSM303DLHC\Obj\Accelerometer.o"
#        "D:\LETI_MAG\9_sem\SW_Testing\Labs\To_Test\LR6\My
#        Mouse\EWARM\STM32F3_HID_MOUSE_LSM303DLHC\Obj\LED_Lib.o"
#        "D:\LETI_MAG\9_sem\SW_Testing\Labs\To_Test\LR6\My
#        Mouse\EWARM\STM32F3_HID_MOUSE_LSM303DLHC\Obj\main.o"
#        "D:\LETI_MAG\9_sem\SW_Testing\Labs\To_Test\LR6\My
#        Mouse\EWARM\STM32F3_HID_MOUSE_LSM303DLHC\Obj\startup_stm32f303xc.o"
#        "D:\LETI_MAG\9_sem\SW_Testing\Labs\To_Test\LR6\My
#        Mouse\EWARM\STM32F3_HID_MOUSE_LSM303DLHC\Obj\stm32f3xx_hal.o"
#        "D:\LETI_MAG\9_sem\SW_Testing\Labs\To_Test\LR6\My
#        Mouse\EWARM\STM32F3_HID_MOUSE_LSM303DLHC\Obj\stm32f3xx_hal_cortex.o"
#        "D:\LETI_MAG\9_sem\SW_Testing\Labs\To_Test\LR6\My
#        Mouse\EWARM\STM32F3_HID_MOUSE_LSM303DLHC\Obj\stm32f3xx_hal_dma.o"
#        "D:\LETI_MAG\9_sem\SW_Testing\Labs\To_Test\LR6\My
#        Mouse\EWARM\STM32F3_HID_MOUSE_LSM303DLHC\Obj\stm32f3xx_hal_flash.o"
#        "D:\LETI_MAG\9_sem\SW_Testing\Labs\To_Test\LR6\My
#        Mouse\EWARM\STM32F3_HID_MOUSE_LSM303DLHC\Obj\stm32f3xx_hal_flash_ex.o"
#        "D:\LETI_MAG\9_sem\SW_Testing\Labs\To_Test\LR6\My
#        Mouse\EWARM\STM32F3_HID_MOUSE_LSM303DLHC\Obj\stm32f3xx_hal_gpio.o"
#        "D:\LETI_MAG\9_sem\SW_Testing\Labs\To_Test\LR6\My
#        Mouse\EWARM\STM32F3_HID_MOUSE_LSM303DLHC\Obj\stm32f3xx_hal_i2c.o"
#        "D:\LETI_MAG\9_sem\SW_Testing\Labs\To_Test\LR6\My
#        Mouse\EWARM\STM32F3_HID_MOUSE_LSM303DLHC\Obj\stm32f3xx_hal_i2c_ex.o"
#        "D:\LETI_MAG\9_sem\SW_Testing\Labs\To_Test\LR6\My
#        Mouse\EWARM\STM32F3_HID_MOUSE_LSM303DLHC\Obj\stm32f3xx_hal_msp.o"
#        "D:\LETI_MAG\9_sem\SW_Testing\Labs\To_Test\LR6\My
#        Mouse\EWARM\STM32F3_HID_MOUSE_LSM303DLHC\Obj\stm32f3xx_hal_pcd.o"
#        "D:\LETI_MAG\9_sem\SW_Testing\Labs\To_Test\LR6\My
#        Mouse\EWARM\STM32F3_HID_MOUSE_LSM303DLHC\Obj\stm32f3xx_hal_pcd_ex.o"
#        "D:\LETI_MAG\9_sem\SW_Testing\Labs\To_Test\LR6\My
#        Mouse\EWARM\STM32F3_HID_MOUSE_LSM303DLHC\Obj\stm32f3xx_hal_pwr.o"
#        "D:\LETI_MAG\9_sem\SW_Testing\Labs\To_Test\LR6\My
#        Mouse\EWARM\STM32F3_HID_MOUSE_LSM303DLHC\Obj\stm32f3xx_hal_pwr_ex.o"
#        "D:\LETI_MAG\9_sem\SW_Testing\Labs\To_Test\LR6\My
#        Mouse\EWARM\STM32F3_HID_MOUSE_LSM303DLHC\Obj\stm32f3xx_hal_rcc.o"
#        "D:\LETI_MAG\9_sem\SW_Testing\Labs\To_Test\LR6\My
#        Mouse\EWARM\STM32F3_HID_MOUSE_LSM303DLHC\Obj\stm32f3xx_hal_rcc_ex.o"
#        "D:\LETI_MAG\9_sem\SW_Testing\Labs\To_Test\LR6\My
#        Mouse\EWARM\STM32F3_HID_MOUSE_LSM303DLHC\Obj\stm32f3xx_hal_tim.o"
#        "D:\LETI_MAG\9_sem\SW_Testing\Labs\To_Test\LR6\My
#        Mouse\EWARM\STM32F3_HID_MOUSE_LSM303DLHC\Obj\stm32f3xx_hal_tim_ex.o"
#        "D:\LETI_MAG\9_sem\SW_Testing\Labs\To_Test\LR6\My
#        Mouse\EWARM\STM32F3_HID_MOUSE_LSM303DLHC\Obj\stm32f3xx_it.o"
#        "D:\LETI_MAG\9_sem\SW_Testing\Labs\To_Test\LR6\My
#        Mouse\EWARM\STM32F3_HID_MOUSE_LSM303DLHC\Obj\system_stm32f3xx.o"
#        "D:\LETI_MAG\9_sem\SW_Testing\Labs\To_Test\LR6\My
#        Mouse\EWARM\STM32F3_HID_MOUSE_LSM303DLHC\Obj\usb_device.o"
#        "D:\LETI_MAG\9_sem\SW_Testing\Labs\To_Test\LR6\My
#        Mouse\EWARM\STM32F3_HID_MOUSE_LSM303DLHC\Obj\usbd_conf.o"
#        "D:\LETI_MAG\9_sem\SW_Testing\Labs\To_Test\LR6\My
#        Mouse\EWARM\STM32F3_HID_MOUSE_LSM303DLHC\Obj\usbd_core.o"
#        "D:\LETI_MAG\9_sem\SW_Testing\Labs\To_Test\LR6\My
#        Mouse\EWARM\STM32F3_HID_MOUSE_LSM303DLHC\Obj\usbd_ctlreq.o"
#        "D:\LETI_MAG\9_sem\SW_Testing\Labs\To_Test\LR6\My
#        Mouse\EWARM\STM32F3_HID_MOUSE_LSM303DLHC\Obj\usbd_desc.o"
#        "D:\LETI_MAG\9_sem\SW_Testing\Labs\To_Test\LR6\My
#        Mouse\EWARM\STM32F3_HID_MOUSE_LSM303DLHC\Obj\usbd_hid.o"
#        "D:\LETI_MAG\9_sem\SW_Testing\Labs\To_Test\LR6\My
#        Mouse\EWARM\STM32F3_HID_MOUSE_LSM303DLHC\Obj\usbd_ioreq.o" --redirect
#        _Printf=_PrintfFull --redirect _Scanf=_ScanfFull -o
#        "D:\LETI_MAG\9_sem\SW_Testing\Labs\To_Test\LR6\My
#        Mouse\EWARM\STM32F3_HID_MOUSE_LSM303DLHC\Exe\STM32F3_HID_MOUSE_LSM303DLHC.out"
#        --map "D:\LETI_MAG\9_sem\SW_Testing\Labs\To_Test\LR6\My
#        Mouse\EWARM\STM32F3_HID_MOUSE_LSM303DLHC\List\STM32F3_HID_MOUSE_LSM303DLHC.map"
#        --config "D:\LETI_MAG\9_sem\SW_Testing\Labs\To_Test\LR6\My
#        Mouse\EWARM/stm32f303xc_flash.icf" --semihosting --entry
#        __iar_program_start --vfe
#
###############################################################################

*******************************************************************************
*** RUNTIME MODEL ATTRIBUTES
***

CppFlavor       = *
__SystemLibrary = DLib


*******************************************************************************
*** PLACEMENT SUMMARY
***

"A1":  place at 0x08000000 { ro section .intvec };
"P1":  place in [from 0x08000000 to 0x0803ffff] { ro };
"P2":  place in [from 0x20000000 to 0x20009fff] { rw, block CSTACK, block HEAP };

  Section            Kind        Address    Size  Object
  -------            ----        -------    ----  ------
"A1":                                      0x188
  .intvec            ro code  0x08000000   0x188  startup_stm32f303xc.o [1]
                            - 0x08000188   0x188

"P1":                                     0x3559
  .text              ro code  0x08000188   0xad6  stm32f3xx_hal_pcd.o [1]
  .text              ro code  0x08000c60   0x278  usbd_conf.o [1]
  .text              ro code  0x08000ed8    0x82  stm32f3xx_hal_pcd_ex.o [1]
  .text              ro code  0x08000f5c   0x1b0  stm32f3xx_hal_gpio.o [1]
  .text              ro code  0x0800110c    0xe2  stm32f3xx_hal_cortex.o [1]
  .text              ro code  0x080011ee   0x236  usbd_core.o [1]
  .text              ro code  0x08001424   0x23c  main.o [1]
  .text              ro code  0x08001660   0x3b2  usbd_ctlreq.o [1]
  .text              ro code  0x08001a12    0x4e  usbd_ioreq.o [1]
  .text              ro code  0x08001a60    0x56  ABImemcpy_unaligned.o [5]
  .text              ro code  0x08001ab8    0x80  stm32f3xx_hal.o [1]
  .text              ro code  0x08001b38    0x2c  usb_device.o [1]
  .text              ro code  0x08001b64   0x1d6  Accelerometer.o [1]
  .text              ro code  0x08001d3c   0x3c2  stm32f3xx_hal_tim.o [1]
  .text              ro code  0x08002100   0x480  stm32f3xx_hal_rcc.o [1]
  .text              ro code  0x08002580   0x1b8  stm32f3xx_hal_rcc_ex.o [1]
  .text              ro code  0x08002738   0x594  stm32f3xx_hal_i2c.o [1]
  .text              ro code  0x08002ccc    0x7a  stm32f3xx_hal_i2c_ex.o [1]
  .text              ro code  0x08002d48    0x5c  stm32f3xx_hal_tim_ex.o [1]
  .text              ro code  0x08002da4   0x128  stm32f3xx_hal_msp.o [1]
  .text              ro code  0x08002ecc   0x298  stm32f3xx_it.o [1]
  .text              ro code  0x08003164   0x128  usbd_hid.o [1]
  .text              ro code  0x0800328c    0xb0  usbd_desc.o [1]
  .text              ro code  0x0800333c    0x7c  system_stm32f3xx.o [1]
  .text              ro code  0x080033b8    0x40  zero_init3.o [5]
  .text              ro code  0x080033f8    0x38  packbits_init_single.o [5]
  .text              ro code  0x08003430    0x28  data_init.o [5]
  .text              ro code  0x08003458    0x22  fpinit_M.o [4]
  .iar.init_table    const    0x0800347c    0x20  - Linker created -
  .text              ro code  0x0800349c    0x1a  cmain.o [5]
  .text              ro code  0x080034b6     0x4  low_level_init.o [3]
  .text              ro code  0x080034ba     0x4  exit.o [3]
  .text              ro code  0x080034c0     0xa  cexit.o [5]
  .text              ro code  0x080034cc    0x14  exit.o [6]
  .text              ro code  0x080034e0    0x10  startup_stm32f303xc.o [1]
  .text              ro code  0x080034f0     0xc  cstartup_M.o [5]
  .text              ro code  0x080034fc     0x4  startup_stm32f303xc.o [1]
  .text              ro code  0x08003500     0x4  startup_stm32f303xc.o [1]
  .text              ro code  0x08003504     0x4  startup_stm32f303xc.o [1]
  .text              ro code  0x08003508     0x4  startup_stm32f303xc.o [1]
  .text              ro code  0x0800350c     0x4  startup_stm32f303xc.o [1]
  .text              ro code  0x08003510     0x4  startup_stm32f303xc.o [1]
  .text              ro code  0x08003514     0x4  startup_stm32f303xc.o [1]
  .text              ro code  0x08003518     0x4  startup_stm32f303xc.o [1]
  .text              ro code  0x0800351c     0x4  startup_stm32f303xc.o [1]
  .text              ro code  0x08003520     0x4  startup_stm32f303xc.o [1]
  .text              ro code  0x08003524     0x4  startup_stm32f303xc.o [1]
  .text              ro code  0x08003528     0x4  startup_stm32f303xc.o [1]
  .text              ro code  0x0800352c     0x4  startup_stm32f303xc.o [1]
  .text              ro code  0x08003530     0x4  startup_stm32f303xc.o [1]
  .text              ro code  0x08003534     0x4  startup_stm32f303xc.o [1]
  .text              ro code  0x08003538     0x4  startup_stm32f303xc.o [1]
  .text              ro code  0x0800353c     0x4  startup_stm32f303xc.o [1]
  .text              ro code  0x08003540     0x4  startup_stm32f303xc.o [1]
  .text              ro code  0x08003544     0x4  startup_stm32f303xc.o [1]
  .text              ro code  0x08003548     0x4  startup_stm32f303xc.o [1]
  .text              ro code  0x0800354c     0x4  startup_stm32f303xc.o [1]
  .text              ro code  0x08003550     0x4  startup_stm32f303xc.o [1]
  .text              ro code  0x08003554     0x4  startup_stm32f303xc.o [1]
  .text              ro code  0x08003558     0x4  startup_stm32f303xc.o [1]
  .text              ro code  0x0800355c     0x4  startup_stm32f303xc.o [1]
  .text              ro code  0x08003560     0x4  startup_stm32f303xc.o [1]
  .text              ro code  0x08003564     0x4  startup_stm32f303xc.o [1]
  .text              ro code  0x08003568     0x4  startup_stm32f303xc.o [1]
  .text              ro code  0x0800356c     0x4  startup_stm32f303xc.o [1]
  .text              ro code  0x08003570     0x4  startup_stm32f303xc.o [1]
  .text              ro code  0x08003574     0x4  startup_stm32f303xc.o [1]
  .text              ro code  0x08003578     0x4  startup_stm32f303xc.o [1]
  .text              ro code  0x0800357c     0x4  startup_stm32f303xc.o [1]
  .text              ro code  0x08003580     0x4  startup_stm32f303xc.o [1]
  .text              ro code  0x08003584     0x4  startup_stm32f303xc.o [1]
  .text              ro code  0x08003588     0x4  startup_stm32f303xc.o [1]
  .text              ro code  0x0800358c     0x4  startup_stm32f303xc.o [1]
  .text              ro code  0x08003590     0x4  startup_stm32f303xc.o [1]
  .text              ro code  0x08003594     0x4  startup_stm32f303xc.o [1]
  .text              ro code  0x08003598     0x4  startup_stm32f303xc.o [1]
  .text              ro code  0x0800359c     0x4  startup_stm32f303xc.o [1]
  .text              ro code  0x080035a0     0x4  startup_stm32f303xc.o [1]
  .text              ro code  0x080035a4     0x4  startup_stm32f303xc.o [1]
  .text              ro code  0x080035a8     0x4  startup_stm32f303xc.o [1]
  .text              ro code  0x080035ac     0x4  startup_stm32f303xc.o [1]
  .text              ro code  0x080035b0     0x4  startup_stm32f303xc.o [1]
  .text              ro code  0x080035b4     0x4  startup_stm32f303xc.o [1]
  .text              ro code  0x080035b8     0x4  startup_stm32f303xc.o [1]
  .text              ro code  0x080035bc     0x4  startup_stm32f303xc.o [1]
  .text              ro code  0x080035c0     0x4  startup_stm32f303xc.o [1]
  .text              ro code  0x080035c4     0x4  startup_stm32f303xc.o [1]
  .text              ro code  0x080035c8     0x4  startup_stm32f303xc.o [1]
  .text              ro code  0x080035cc     0x4  startup_stm32f303xc.o [1]
  .text              ro code  0x080035d0     0x4  startup_stm32f303xc.o [1]
  .text              ro code  0x080035d4     0x4  startup_stm32f303xc.o [1]
  .text              ro code  0x080035d8     0x4  startup_stm32f303xc.o [1]
  .text              ro code  0x080035dc     0x4  startup_stm32f303xc.o [1]
  .text              ro code  0x080035e0     0x4  startup_stm32f303xc.o [1]
  .text              ro code  0x080035e4     0x4  startup_stm32f303xc.o [1]
  .text              ro code  0x080035e8     0x4  startup_stm32f303xc.o [1]
  .text              ro code  0x080035ec     0x4  startup_stm32f303xc.o [1]
  .text              ro code  0x080035f0     0x4  startup_stm32f303xc.o [1]
  .text              ro code  0x080035f4     0x4  startup_stm32f303xc.o [1]
  .text              ro code  0x080035f8     0x4  startup_stm32f303xc.o [1]
  .rodata            const    0x080035fc     0x0  zero_init3.o [5]
  .rodata            const    0x080035fc     0x0  packbits_init_single.o [5]
  Initializer bytes  const    0x080035fc    0xe5  <for P2-1>
                            - 0x080036e1  0x3559

"P2", part 1 of 3:                          0xf8
  P2-1                        0x20000000    0xf8  <Init block>
    .data            inited   0x20000000     0x4  system_stm32f3xx.o [1]
    .data            inited   0x20000004    0x1c  usbd_desc.o [1]
    .data            inited   0x20000020    0x14  usbd_desc.o [1]
    .data            inited   0x20000034     0x4  usbd_desc.o [1]
    .data            inited   0x20000038    0x38  usbd_hid.o [1]
    .data            inited   0x20000070    0x24  usbd_hid.o [1]
    .data            inited   0x20000094    0x58  usbd_hid.o [1]
    .data            inited   0x200000ec     0xc  usbd_hid.o [1]
                            - 0x200000f8    0xf8

"P2", part 2 of 3:                         0x400
  CSTACK                      0x200000f8   0x400  <Block>
    CSTACK           uninit   0x200000f8   0x400  <Block tail>
                            - 0x200004f8   0x400

"P2", part 3 of 3:                         0x884
  .bss               zero     0x200004f8   0x3a8  usbd_conf.o [1]
  .bss               zero     0x200008a0   0x224  usb_device.o [1]
  .bss               zero     0x20000ac4   0x200  usbd_desc.o [1]
  .bss               zero     0x20000cc4    0x4c  main.o [1]
  .bss               zero     0x20000d10    0x40  main.o [1]
  .bss               zero     0x20000d50    0x14  usbd_conf.o [1]
  .bss               zero     0x20000d64     0xc  stm32f3xx_it.o [1]
  .bss               zero     0x20000d70     0x4  stm32f3xx_hal.o [1]
  .bss               zero     0x20000d74     0x2  main.o [1]
  .bss               zero     0x20000d76     0x2  main.o [1]
  .bss               zero     0x20000d78     0x1  usbd_ctlreq.o [1]
                            - 0x20000d79   0x881


*******************************************************************************
*** INIT TABLE
***

          Address     Size
          -------     ----
Zero (__iar_zero_init3)
    1 destination range, total size 0x881:
          0x200004f8  0x881

Copy/packbits (__iar_packbits_init_single3)
    1 source range, total size 0xe5 (92% of destination):
          0x080035fc   0xe5
    1 destination range, total size 0xf8:
          0x20000000   0xf8



*******************************************************************************
*** MODULE SUMMARY
***

    Module                  ro code  ro data  rw data
    ------                  -------  -------  -------
D:\LETI_MAG\9_sem\SW_Testing\Labs\To_Test\LR6\My Mouse\EWARM\STM32F3_HID_MOUSE_LSM303DLHC\Obj: [1]
    Accelerometer.o             470
    main.o                      572               144
    startup_stm32f303xc.o       664
    stm32f3xx_hal.o             128                 4
    stm32f3xx_hal_cortex.o      226
    stm32f3xx_hal_gpio.o        432
    stm32f3xx_hal_i2c.o       1 428
    stm32f3xx_hal_i2c_ex.o      122
    stm32f3xx_hal_msp.o         296
    stm32f3xx_hal_pcd.o       2 774
    stm32f3xx_hal_pcd_ex.o      130
    stm32f3xx_hal_rcc.o       1 152
    stm32f3xx_hal_rcc_ex.o      440
    stm32f3xx_hal_tim.o         962
    stm32f3xx_hal_tim_ex.o       92
    stm32f3xx_it.o              664                12
    system_stm32f3xx.o          124        3        4
    usb_device.o                 44               548
    usbd_conf.o                 632               956
    usbd_core.o                 566
    usbd_ctlreq.o               946                 1
    usbd_desc.o                 176       48      564
    usbd_hid.o                  296      178      192
    usbd_ioreq.o                 78
    -------------------------------------------------
    Total:                   13 414      229    2 425

command line: [2]
    -------------------------------------------------
    Total:

dl7M_tlf.a: [3]
    exit.o                        4
    low_level_init.o              4
    -------------------------------------------------
    Total:                        8

m7M_tls.a: [4]
    fpinit_M.o                   34
    -------------------------------------------------
    Total:                       34

rt7M_tl.a: [5]
    ABImemcpy_unaligned.o        86
    cexit.o                      10
    cmain.o                      26
    cstartup_M.o                 12
    data_init.o                  40
    packbits_init_single.o       56
    zero_init3.o                 64
    -------------------------------------------------
    Total:                      294

shb_l.a: [6]
    exit.o                       20
    -------------------------------------------------
    Total:                       20

    Gaps                         16        2
    Linker created                        32    1 024
-----------------------------------------------------
    Grand Total:             13 786      263    3 449


*******************************************************************************
*** ENTRY LIST
***

Entry                      Address   Size  Type      Object
-----                      -------   ----  ----      ------
.iar.init_table$$Base   0x0800347c          --   Gb  - Linker created -
.iar.init_table$$Limit  0x0800349c          --   Gb  - Linker created -
?main                   0x0800349d         Code  Gb  cmain.o [5]
AHBPrescTable           0x080033a8   0x10  Data  Gb  system_stm32f3xx.o [1]
AccInit                 0x08001c91   0x16  Code  Gb  Accelerometer.o [1]
Accel_AccFilter         0x08001ca7   0x1a  Code  Gb  Accelerometer.o [1]
Accel_GetXYZ            0x08001bc5   0xc6  Code  Gb  Accelerometer.o [1]
Accel_IO_Read           0x08001b71   0x22  Code  Gb  Accelerometer.o [1]
Accel_IO_Write          0x08001b93   0x1c  Code  Gb  Accelerometer.o [1]
Accel_Ini               0x08001cc9   0x44  Code  Gb  Accelerometer.o [1]
Accel_ReadData          0x08001d15   0x1a  Code  Gb  Accelerometer.o [1]
Accel_ReadID            0x08001c8b    0x6  Code  Gb  Accelerometer.o [1]
BusFault_Handler        0x08002ed3    0x2  Code  Gb  stm32f3xx_it.o [1]
CSTACK$$Base            0x200000f8          --   Gb  - Linker created -
CSTACK$$Limit           0x200004f8          --   Gb  - Linker created -
DebugMon_Handler        0x08002ed9    0x2  Code  Gb  stm32f3xx_it.o [1]
Error                   0x08001b65    0xc  Code  Gb  Accelerometer.o [1]
FS_Desc                 0x20000004   0x1c  Data  Gb  usbd_desc.o [1]
HAL_Delay               0x08001b0d   0x1e  Code  Wk  stm32f3xx_hal.o [1]
HAL_GPIO_Init           0x08000f5d  0x17c  Code  Gb  stm32f3xx_hal_gpio.o [1]
HAL_GPIO_ReadPin        0x080010d9    0xc  Code  Gb  stm32f3xx_hal_gpio.o [1]
HAL_GPIO_WritePin       0x080010e5    0xa  Code  Gb  stm32f3xx_hal_gpio.o [1]
HAL_GetTick             0x08001b07    0x6  Code  Wk  stm32f3xx_hal.o [1]
HAL_I2CEx_ConfigAnalogFilter
                        0x08002ccd   0x28  Code  Gb  stm32f3xx_hal_i2c_ex.o [1]
HAL_I2CEx_ConfigDigitalFilter
                        0x08002cf5   0x24  Code  Gb  stm32f3xx_hal_i2c_ex.o [1]
HAL_I2C_Init            0x08002739   0x9e  Code  Gb  stm32f3xx_hal_i2c.o [1]
HAL_I2C_Mem_Read        0x08002917   0xe6  Code  Gb  stm32f3xx_hal_i2c.o [1]
HAL_I2C_Mem_Write       0x08002803   0xce  Code  Gb  stm32f3xx_hal_i2c.o [1]
HAL_I2C_MspInit         0x08002e19   0x42  Code  Gb  stm32f3xx_hal_msp.o [1]
HAL_IncTick             0x08001afd    0xa  Code  Wk  stm32f3xx_hal.o [1]
HAL_Init                0x08001ab9   0x20  Code  Gb  stm32f3xx_hal.o [1]
HAL_InitTick            0x08001ad9   0x24  Code  Wk  stm32f3xx_hal.o [1]
HAL_MspInit             0x08002da5   0x74  Code  Gb  stm32f3xx_hal_msp.o [1]
HAL_NVIC_EnableIRQ      0x0800117b    0xc  Code  Gb  stm32f3xx_hal_cortex.o [1]
HAL_NVIC_SetPriority    0x08001141   0x3a  Code  Gb  stm32f3xx_hal_cortex.o [1]
HAL_NVIC_SetPriorityGrouping
                        0x08001127   0x1a  Code  Gb  stm32f3xx_hal_cortex.o [1]
HAL_PCDEx_PMAConfig     0x08000ed9   0x34  Code  Gb  stm32f3xx_hal_pcd_ex.o [1]
HAL_PCDEx_SetConnectionState
                        0x08000ea3    0x2  Code  Gb  usbd_conf.o [1]
HAL_PCD_DataInStageCallback
                        0x08000cd5   0x10  Code  Gb  usbd_conf.o [1]
HAL_PCD_DataOutStageCallback
                        0x08000cc3   0x12  Code  Gb  usbd_conf.o [1]
HAL_PCD_EP_Close        0x08000887  0x14e  Code  Gb  stm32f3xx_hal_pcd.o [1]
HAL_PCD_EP_ClrStall     0x08000ba9   0x8a  Code  Gb  stm32f3xx_hal_pcd.o [1]
HAL_PCD_EP_Open         0x08000609  0x248  Code  Gb  stm32f3xx_hal_pcd.o [1]
HAL_PCD_EP_Receive      0x080009d5   0x76  Code  Gb  stm32f3xx_hal_pcd.o [1]
HAL_PCD_EP_SetStall     0x08000b1f   0x8a  Code  Gb  stm32f3xx_hal_pcd.o [1]
HAL_PCD_EP_Transmit     0x08000a57   0xa6  Code  Gb  stm32f3xx_hal_pcd.o [1]
HAL_PCD_IRQHandler      0x08000509   0xd2  Code  Gb  stm32f3xx_hal_pcd.o [1]
HAL_PCD_Init            0x08000189   0x88  Code  Gb  stm32f3xx_hal_pcd.o [1]
HAL_PCD_MspInit         0x08000c61   0x56  Code  Gb  usbd_conf.o [1]
HAL_PCD_ResetCallback   0x08000ced   0x1a  Code  Gb  usbd_conf.o [1]
HAL_PCD_ResumeCallback  0x08000d23    0x8  Code  Gb  usbd_conf.o [1]
HAL_PCD_SOFCallback     0x08000ce5    0x8  Code  Gb  usbd_conf.o [1]
HAL_PCD_SetAddress      0x080005db   0x22  Code  Gb  stm32f3xx_hal_pcd.o [1]
HAL_PCD_SetupStageCallback
                        0x08000cb7    0xc  Code  Gb  usbd_conf.o [1]
HAL_PCD_Start           0x0800021d    0xc  Code  Gb  stm32f3xx_hal_pcd.o [1]
HAL_PCD_SuspendCallback
                        0x08000d07   0x1c  Code  Gb  usbd_conf.o [1]
HAL_RCCEx_PeriphCLKConfig
                        0x08002581  0x1aa  Code  Gb  stm32f3xx_hal_rcc_ex.o [1]
HAL_RCC_ClockConfig     0x080023d3  0x112  Code  Gb  stm32f3xx_hal_rcc.o [1]
HAL_RCC_GetHCLKFreq     0x08002533    0x6  Code  Gb  stm32f3xx_hal_rcc.o [1]
HAL_RCC_GetSysClockFreq
                        0x080024f9   0x3a  Code  Gb  stm32f3xx_hal_rcc.o [1]
HAL_RCC_OscConfig       0x08002101  0x2c0  Code  Gb  stm32f3xx_hal_rcc.o [1]
HAL_SYSTICK_CLKSourceConfig
                        0x080011b7   0x14  Code  Gb  stm32f3xx_hal_cortex.o [1]
HAL_SYSTICK_Callback    0x080011ed    0x2  Code  Wk  stm32f3xx_hal_cortex.o [1]
HAL_SYSTICK_Config      0x0800118f   0x28  Code  Gb  stm32f3xx_hal_cortex.o [1]
HAL_SYSTICK_IRQHandler  0x080011e5    0x8  Code  Gb  stm32f3xx_hal_cortex.o [1]
HAL_TIMEx_Break2Callback
                        0x08002d99    0x2  Code  Wk  stm32f3xx_hal_tim_ex.o [1]
HAL_TIMEx_BreakCallback
                        0x08002d97    0x2  Code  Wk  stm32f3xx_hal_tim_ex.o [1]
HAL_TIMEx_CommutationCallback
                        0x08002d95    0x2  Code  Wk  stm32f3xx_hal_tim_ex.o [1]
HAL_TIMEx_MasterConfigSynchronization
                        0x08002d49   0x4c  Code  Gb  stm32f3xx_hal_tim_ex.o [1]
HAL_TIM_Base_Init       0x08001d3d   0x1a  Code  Gb  stm32f3xx_hal_tim.o [1]
HAL_TIM_Base_MspInit    0x08002e5b   0x5a  Code  Gb  stm32f3xx_hal_msp.o [1]
HAL_TIM_Base_Start_IT   0x08001d57   0x16  Code  Gb  stm32f3xx_hal_tim.o [1]
HAL_TIM_ConfigClockSource
                        0x08001ef7   0xae  Code  Gb  stm32f3xx_hal_tim.o [1]
HAL_TIM_IC_CaptureCallback
                        0x08001fd9    0x2  Code  Wk  stm32f3xx_hal_tim.o [1]
HAL_TIM_IRQHandler      0x08001d89  0x164  Code  Gb  stm32f3xx_hal_tim.o [1]
HAL_TIM_OC_DelayElapsedCallback
                        0x08001fd7    0x2  Code  Wk  stm32f3xx_hal_tim.o [1]
HAL_TIM_PWM_PulseFinishedCallback
                        0x08001fdb    0x2  Code  Wk  stm32f3xx_hal_tim.o [1]
HAL_TIM_PeriodElapsedCallback
                        0x08001fd5    0x2  Code  Wk  stm32f3xx_hal_tim.o [1]
HAL_TIM_TriggerCallback
                        0x08001fdd    0x2  Code  Wk  stm32f3xx_hal_tim.o [1]
HID_MOUSE_ReportDesc    0x200000a0   0x4c  Data  Lc  usbd_hid.o [1]
HardFault_Handler       0x08002ecf    0x2  Code  Gb  stm32f3xx_it.o [1]
I2C_Flush_TXDR          0x08002b49   0x1c  Code  Lc  stm32f3xx_hal_i2c.o [1]
I2C_IsAcknowledgeFailed
                        0x08002c35   0x52  Code  Lc  stm32f3xx_hal_i2c.o [1]
I2C_RequestMemoryRead   0x08002acb   0x4c  Code  Lc  stm32f3xx_hal_i2c.o [1]
I2C_RequestMemoryWrite  0x08002a7d   0x4e  Code  Lc  stm32f3xx_hal_i2c.o [1]
I2C_TransferConfig      0x08002ca5   0x1e  Code  Lc  stm32f3xx_hal_i2c.o [1]
I2C_WaitOnFlagUntilTimeout
                        0x08002b65   0x4a  Code  Lc  stm32f3xx_hal_i2c.o [1]
I2C_WaitOnSTOPFlagUntilTimeout
                        0x08002be1   0x2c  Code  Lc  stm32f3xx_hal_i2c.o [1]
I2C_WaitOnTXISFlagUntilTimeout
                        0x08002baf   0x32  Code  Lc  stm32f3xx_hal_i2c.o [1]
MX_I2C1_Init            0x08001595   0x44  Code  Lc  main.o [1]
MX_TIM3_Init            0x080015d9   0x4e  Code  Lc  main.o [1]
MX_USB_DEVICE_Init      0x08001b39   0x2c  Code  Gb  usb_device.o [1]
MemManage_Handler       0x08002ed1    0x2  Code  Gb  stm32f3xx_it.o [1]
NMI_Handler             0x08002ecd    0x2  Code  Gb  stm32f3xx_it.o [1]
NVIC_SetPriority        0x0800110d   0x1a  Code  Lc  stm32f3xx_hal_cortex.o [1]
PCD_EP_ISR_Handler      0x08000229  0x27e  Code  Lc  stm32f3xx_hal_pcd.o [1]
PCD_ReadPMA             0x08000f31   0x2a  Code  Gb  stm32f3xx_hal_pcd_ex.o [1]
PCD_WritePMA            0x08000f0d   0x24  Code  Gb  stm32f3xx_hal_pcd_ex.o [1]
PendSV_Handler          0x08002edb    0x2  Code  Gb  stm32f3xx_it.o [1]
Region$$Table$$Base     0x0800347c          --   Gb  - Linker created -
Region$$Table$$Limit    0x0800349c          --   Gb  - Linker created -
SVC_Handler             0x08002ed7    0x2  Code  Gb  stm32f3xx_it.o [1]
SetLed                  0x08001425   0x28  Code  Gb  main.o [1]
SysTick_Handler         0x08002edd    0xe  Code  Gb  stm32f3xx_it.o [1]
SystemClock_Config      0x08001509   0x8c  Code  Gb  main.o [1]
SystemCoreClock         0x20000000    0x4  Data  Gb  system_stm32f3xx.o [1]
SystemInit              0x0800333d   0x52  Code  Gb  system_stm32f3xx.o [1]
TIM3_IRQHandler         0x08002ef1  0x232  Code  Gb  stm32f3xx_it.o [1]
TIM_Base_SetConfig      0x08001fdf   0x90  Code  Gb  stm32f3xx_hal_tim.o [1]
TIM_ETR_SetConfig       0x080020eb   0x14  Code  Gb  stm32f3xx_hal_tim.o [1]
TIM_ITRx_SetConfig      0x080020db   0x10  Code  Lc  stm32f3xx_hal_tim.o [1]
TIM_TI1_ConfigInputStage
                        0x08002095   0x22  Code  Lc  stm32f3xx_hal_tim.o [1]
TIM_TI2_ConfigInputStage
                        0x080020b7   0x24  Code  Lc  stm32f3xx_hal_tim.o [1]
USBD_ClrClassConfig     0x08001245    0xa  Code  Gb  usbd_core.o [1]
USBD_CtlContinueRx      0x08001a35    0x2  Code  Gb  usbd_ioreq.o [1]
USBD_CtlContinueSendData
                        0x08001a25    0x2  Code  Gb  usbd_ioreq.o [1]
USBD_CtlError           0x080019b9   0x16  Code  Gb  usbd_ctlreq.o [1]
USBD_CtlReceiveStatus   0x08001a53    0xe  Code  Gb  usbd_ioreq.o [1]
USBD_CtlSendData        0x08001a13   0x12  Code  Gb  usbd_ioreq.o [1]
USBD_CtlSendStatus      0x08001a45    0xe  Code  Gb  usbd_ioreq.o [1]
USBD_FS_ConfigStrDescriptor
                        0x080032c5    0xa  Code  Gb  usbd_desc.o [1]
USBD_FS_DeviceDesc      0x20000020   0x14  Data  Gb  usbd_desc.o [1]
USBD_FS_DeviceDescriptor
                        0x0800328d    0x8  Code  Gb  usbd_desc.o [1]
USBD_FS_InterfaceStrDescriptor
                        0x080032cf    0xa  Code  Gb  usbd_desc.o [1]
USBD_FS_LangIDStrDescriptor
                        0x08003295    0x8  Code  Gb  usbd_desc.o [1]
USBD_FS_ManufacturerStrDescriptor
                        0x080032a7    0x8  Code  Gb  usbd_desc.o [1]
USBD_FS_ProductStrDescriptor
                        0x0800329d    0xa  Code  Gb  usbd_desc.o [1]
USBD_FS_SerialStrDescriptor
                        0x080032bb    0xa  Code  Gb  usbd_desc.o [1]
USBD_GetDescriptor      0x0800189d   0xee  Code  Lc  usbd_ctlreq.o [1]
USBD_GetString          0x080019cf   0x44  Code  Gb  usbd_ctlreq.o [1]
USBD_HID                0x20000038   0x38  Data  Gb  usbd_hid.o [1]
USBD_HID_CfgDesc        0x20000070   0x24  Data  Lc  usbd_hid.o [1]
USBD_HID_DataIn         0x0800326d    0xc  Code  Lc  usbd_hid.o [1]
USBD_HID_DeInit         0x0800318b   0x1e  Code  Lc  usbd_hid.o [1]
USBD_HID_Desc           0x20000094    0xc  Data  Lc  usbd_hid.o [1]
USBD_HID_DeviceQualifierDesc
                        0x200000ec    0xc  Data  Lc  usbd_hid.o [1]
USBD_HID_GetCfgDesc     0x08003265    0x8  Code  Lc  usbd_hid.o [1]
USBD_HID_GetDeviceQualifierDesc
                        0x08003279    0x8  Code  Lc  usbd_hid.o [1]
USBD_HID_Init           0x08003165   0x26  Code  Lc  usbd_hid.o [1]
USBD_HID_SendReport     0x0800323f   0x26  Code  Gb  usbd_hid.o [1]
USBD_HID_Setup          0x080031a9   0x96  Code  Lc  usbd_hid.o [1]
USBD_Init               0x080011ef   0x26  Code  Gb  usbd_core.o [1]
USBD_LL_ClearStallEP    0x08000e03   0x1a  Code  Gb  usbd_conf.o [1]
USBD_LL_CloseEP         0x08000dcf   0x1a  Code  Gb  usbd_conf.o [1]
USBD_LL_DataInStage     0x08001309   0x9c  Code  Gb  usbd_core.o [1]
USBD_LL_DataOutStage    0x080012a5   0x64  Code  Gb  usbd_core.o [1]
USBD_LL_Init            0x08000d2b   0x6a  Code  Gb  usbd_conf.o [1]
USBD_LL_IsStallEP       0x08000e1d   0x1c  Code  Gb  usbd_conf.o [1]
USBD_LL_OpenEP          0x08000daf   0x20  Code  Gb  usbd_conf.o [1]
USBD_LL_PrepareReceive  0x08000e6d   0x1a  Code  Gb  usbd_conf.o [1]
USBD_LL_Reset           0x080013a5   0x42  Code  Gb  usbd_core.o [1]
USBD_LL_Resume          0x080013f9    0x6  Code  Gb  usbd_core.o [1]
USBD_LL_SOF             0x08001405   0x1a  Code  Gb  usbd_core.o [1]
USBD_LL_SetSpeed        0x080013e7    0x6  Code  Gb  usbd_core.o [1]
USBD_LL_SetUSBAddress   0x08000e39   0x1a  Code  Gb  usbd_conf.o [1]
USBD_LL_SetupStage      0x0800124f   0x56  Code  Gb  usbd_core.o [1]
USBD_LL_StallEP         0x08000de9   0x1a  Code  Gb  usbd_conf.o [1]
USBD_LL_Start           0x08000d95   0x1a  Code  Gb  usbd_conf.o [1]
USBD_LL_Suspend         0x080013ed    0xc  Code  Gb  usbd_core.o [1]
USBD_LL_Transmit        0x08000e53   0x1a  Code  Gb  usbd_conf.o [1]
USBD_LangIDDesc         0x20000034    0x4  Data  Gb  usbd_desc.o [1]
USBD_ParseSetupRequest  0x08001991   0x28  Code  Gb  usbd_ctlreq.o [1]
USBD_RegisterClass      0x08001215   0x10  Code  Gb  usbd_core.o [1]
USBD_SetClassConfig     0x0800122f   0x16  Code  Gb  usbd_core.o [1]
USBD_Start              0x08001225    0xa  Code  Gb  usbd_core.o [1]
USBD_StdDevReq          0x08001661  0x138  Code  Gb  usbd_ctlreq.o [1]
USBD_StdEPReq           0x080017cf   0xc2  Code  Gb  usbd_ctlreq.o [1]
USBD_StdItfReq          0x0800179d   0x32  Code  Gb  usbd_ctlreq.o [1]
USBD_StrDesc            0x20000ac4  0x200  Data  Gb  usbd_desc.o [1]
USBD_static_free        0x08000ea1    0x2  Code  Gb  usbd_conf.o [1]
USBD_static_malloc      0x08000e87    0x4  Code  Gb  usbd_conf.o [1]
USB_LP_CAN_RX0_IRQHandler
                        0x08002eeb    0x6  Code  Gb  stm32f3xx_it.o [1]
UsageFault_Handler      0x08002ed5    0x2  Code  Gb  stm32f3xx_it.o [1]
_Error_Handler          0x0800164d    0x2  Code  Gb  main.o [1]
__cmain                 0x0800349d         Code  Gb  cmain.o [5]
__exit                  0x080034cd   0x14  Code  Gb  exit.o [6]
__iar_data_init3        0x08003431   0x28  Code  Gb  data_init.o [5]
__iar_init_vfp          0x08003459         Code  Gb  fpinit_M.o [4]
__iar_packbits_init_single3
                        0x080033f9   0x38  Code  Gb  packbits_init_single.o [5]
__iar_program_start     0x080034f1         Code  Gb  cstartup_M.o [5]
__iar_unaligned___aeabi_memcpy4
                        0x08001a61         Code  Gb  ABImemcpy_unaligned.o [5]
__iar_unaligned___aeabi_memcpy8
                        0x08001a61         Code  Gb  ABImemcpy_unaligned.o [5]
__iar_zero_init3        0x080033b9   0x40  Code  Gb  zero_init3.o [5]
__low_level_init        0x080034b7    0x4  Code  Gb  low_level_init.o [3]
__vector_table          0x08000000         Data  Gb  startup_stm32f303xc.o [1]
_call_main              0x080034a9         Code  Gb  cmain.o [5]
_exit                   0x080034c1         Code  Gb  cexit.o [5]
_main                   0x080034b3         Code  Gb  cmain.o [5]
aPLLMULFactorTable      0x08002560   0x10  Data  Gb  stm32f3xx_hal_rcc.o [1]
aPredivFactorTable      0x08002570   0x10  Data  Gb  stm32f3xx_hal_rcc.o [1]
exit                    0x080034bb    0x4  Code  Gb  exit.o [3]
hUsbDeviceFS            0x200008a0  0x224  Data  Gb  usb_device.o [1]
hi2c1                   0x20000cc4   0x4c  Data  Gb  main.o [1]
hpcd_USB_FS             0x200004f8  0x3a8  Data  Gb  usbd_conf.o [1]
htim3                   0x20000d10   0x40  Data  Gb  main.o [1]
main                    0x0800144d   0xbc  Code  Gb  main.o [1]
mouseHID                0x20000d64    0x4  Data  Gb  stm32f3xx_it.o [1]
uwTick                  0x20000d70    0x4  Data  Gb  stm32f3xx_hal.o [1]
val                     0x20000d68    0x8  Data  Gb  stm32f3xx_it.o [1]
x                       0x20000d74    0x2  Data  Gb  main.o [1]
y                       0x20000d76    0x2  Data  Gb  main.o [1]


[1] = D:\LETI_MAG\9_sem\SW_Testing\Labs\To_Test\LR6\My Mouse\EWARM\STM32F3_HID_MOUSE_LSM303DLHC\Obj
[2] = command line
[3] = dl7M_tlf.a
[4] = m7M_tls.a
[5] = rt7M_tl.a
[6] = shb_l.a

  13 786 bytes of readonly  code memory
     263 bytes of readonly  data memory
   3 449 bytes of readwrite data memory

Errors: none
Warnings: none
