###############################################################################
#
# IAR ELF Linker V7.50.2.10312/W32 for ARM                15/Sep/2018  15:32:37
# Copyright 2007-2015 IAR Systems AB.
#
#    Output file  =  
#        D:\LETI_MAG\9_sem\SW_Testing\Labs\To_Test\LR5\8Bit\EWARM\8Bit\Exe\8Bit.out
#    Map file     =  
#        D:\LETI_MAG\9_sem\SW_Testing\Labs\To_Test\LR5\8Bit\EWARM\8Bit\List\8Bit.map
#    Command line =  
#        D:\LETI_MAG\9_sem\SW_Testing\Labs\To_Test\LR5\8Bit\EWARM\8Bit\Obj\Accelerometer.o
#        D:\LETI_MAG\9_sem\SW_Testing\Labs\To_Test\LR5\8Bit\EWARM\8Bit\Obj\cmsis_os.o
#        D:\LETI_MAG\9_sem\SW_Testing\Labs\To_Test\LR5\8Bit\EWARM\8Bit\Obj\croutine.o
#        D:\LETI_MAG\9_sem\SW_Testing\Labs\To_Test\LR5\8Bit\EWARM\8Bit\Obj\event_groups.o
#        D:\LETI_MAG\9_sem\SW_Testing\Labs\To_Test\LR5\8Bit\EWARM\8Bit\Obj\freertos.o
#        D:\LETI_MAG\9_sem\SW_Testing\Labs\To_Test\LR5\8Bit\EWARM\8Bit\Obj\heap_4.o
#        D:\LETI_MAG\9_sem\SW_Testing\Labs\To_Test\LR5\8Bit\EWARM\8Bit\Obj\LED_Lib.o
#        D:\LETI_MAG\9_sem\SW_Testing\Labs\To_Test\LR5\8Bit\EWARM\8Bit\Obj\list.o
#        D:\LETI_MAG\9_sem\SW_Testing\Labs\To_Test\LR5\8Bit\EWARM\8Bit\Obj\main.o
#        D:\LETI_MAG\9_sem\SW_Testing\Labs\To_Test\LR5\8Bit\EWARM\8Bit\Obj\port.o
#        D:\LETI_MAG\9_sem\SW_Testing\Labs\To_Test\LR5\8Bit\EWARM\8Bit\Obj\portasm.o
#        D:\LETI_MAG\9_sem\SW_Testing\Labs\To_Test\LR5\8Bit\EWARM\8Bit\Obj\queue.o
#        D:\LETI_MAG\9_sem\SW_Testing\Labs\To_Test\LR5\8Bit\EWARM\8Bit\Obj\startup_stm32f303xc.o
#        D:\LETI_MAG\9_sem\SW_Testing\Labs\To_Test\LR5\8Bit\EWARM\8Bit\Obj\stm32f3xx_hal.o
#        D:\LETI_MAG\9_sem\SW_Testing\Labs\To_Test\LR5\8Bit\EWARM\8Bit\Obj\stm32f3xx_hal_cortex.o
#        D:\LETI_MAG\9_sem\SW_Testing\Labs\To_Test\LR5\8Bit\EWARM\8Bit\Obj\stm32f3xx_hal_dma.o
#        D:\LETI_MAG\9_sem\SW_Testing\Labs\To_Test\LR5\8Bit\EWARM\8Bit\Obj\stm32f3xx_hal_flash.o
#        D:\LETI_MAG\9_sem\SW_Testing\Labs\To_Test\LR5\8Bit\EWARM\8Bit\Obj\stm32f3xx_hal_flash_ex.o
#        D:\LETI_MAG\9_sem\SW_Testing\Labs\To_Test\LR5\8Bit\EWARM\8Bit\Obj\stm32f3xx_hal_gpio.o
#        D:\LETI_MAG\9_sem\SW_Testing\Labs\To_Test\LR5\8Bit\EWARM\8Bit\Obj\stm32f3xx_hal_i2c.o
#        D:\LETI_MAG\9_sem\SW_Testing\Labs\To_Test\LR5\8Bit\EWARM\8Bit\Obj\stm32f3xx_hal_i2c_ex.o
#        D:\LETI_MAG\9_sem\SW_Testing\Labs\To_Test\LR5\8Bit\EWARM\8Bit\Obj\stm32f3xx_hal_msp.o
#        D:\LETI_MAG\9_sem\SW_Testing\Labs\To_Test\LR5\8Bit\EWARM\8Bit\Obj\stm32f3xx_hal_pcd.o
#        D:\LETI_MAG\9_sem\SW_Testing\Labs\To_Test\LR5\8Bit\EWARM\8Bit\Obj\stm32f3xx_hal_pcd_ex.o
#        D:\LETI_MAG\9_sem\SW_Testing\Labs\To_Test\LR5\8Bit\EWARM\8Bit\Obj\stm32f3xx_hal_pwr.o
#        D:\LETI_MAG\9_sem\SW_Testing\Labs\To_Test\LR5\8Bit\EWARM\8Bit\Obj\stm32f3xx_hal_pwr_ex.o
#        D:\LETI_MAG\9_sem\SW_Testing\Labs\To_Test\LR5\8Bit\EWARM\8Bit\Obj\stm32f3xx_hal_rcc.o
#        D:\LETI_MAG\9_sem\SW_Testing\Labs\To_Test\LR5\8Bit\EWARM\8Bit\Obj\stm32f3xx_hal_rcc_ex.o
#        D:\LETI_MAG\9_sem\SW_Testing\Labs\To_Test\LR5\8Bit\EWARM\8Bit\Obj\stm32f3xx_hal_tim.o
#        D:\LETI_MAG\9_sem\SW_Testing\Labs\To_Test\LR5\8Bit\EWARM\8Bit\Obj\stm32f3xx_hal_tim_ex.o
#        D:\LETI_MAG\9_sem\SW_Testing\Labs\To_Test\LR5\8Bit\EWARM\8Bit\Obj\stm32f3xx_hal_timebase_TIM.o
#        D:\LETI_MAG\9_sem\SW_Testing\Labs\To_Test\LR5\8Bit\EWARM\8Bit\Obj\stm32f3xx_it.o
#        D:\LETI_MAG\9_sem\SW_Testing\Labs\To_Test\LR5\8Bit\EWARM\8Bit\Obj\system_stm32f3xx.o
#        D:\LETI_MAG\9_sem\SW_Testing\Labs\To_Test\LR5\8Bit\EWARM\8Bit\Obj\tasks.o
#        D:\LETI_MAG\9_sem\SW_Testing\Labs\To_Test\LR5\8Bit\EWARM\8Bit\Obj\timers.o
#        --redirect _Printf=_PrintfFull --redirect _Scanf=_ScanfFull -o
#        D:\LETI_MAG\9_sem\SW_Testing\Labs\To_Test\LR5\8Bit\EWARM\8Bit\Exe\8Bit.out
#        --map
#        D:\LETI_MAG\9_sem\SW_Testing\Labs\To_Test\LR5\8Bit\EWARM\8Bit\List\8Bit.map
#        --config
#        D:\LETI_MAG\9_sem\SW_Testing\Labs\To_Test\LR5\8Bit\EWARM/stm32f303xc_flash.icf
#        --semihosting --entry __iar_program_start --vfe
#
###############################################################################

*******************************************************************************
*** RUNTIME MODEL ATTRIBUTES
***

CppFlavor       = *
__SystemLibrary = DLib


*******************************************************************************
*** PLACEMENT SUMMARY
***

"A1":  place at 0x08000000 { ro section .intvec };
"P1":  place in [from 0x08000000 to 0x0803ffff] { ro };
"P2":  place in [from 0x20000000 to 0x20009fff] { rw, block CSTACK, block HEAP };

  Section            Kind        Address    Size  Object
  -------            ----        -------    ----  ------
"A1":                                      0x188
  .intvec            ro code  0x08000000   0x188  startup_stm32f303xc.o [1]
                            - 0x08000188   0x188

"P1":                                     0x3668
  .text              ro code  0x08000188   0xac8  stm32f3xx_hal_rcc.o [1]
  .text              ro code  0x08000c50    0x3c  stm32f3xx_hal.o [1]
  .text              ro code  0x08000c8c    0x90  stm32f3xx_hal_timebase_TIM.o [1]
  .text              ro code  0x08000d1c   0x160  stm32f3xx_hal_cortex.o [1]
  .text              ro code  0x08000e7c   0x158  stm32f3xx_hal_msp.o [1]
  .text              ro code  0x08000fd4   0x2cc  stm32f3xx_hal_tim.o [1]
  .text              ro code  0x080012a0   0x21e  stm32f3xx_hal_gpio.o [1]
  .text              ro code  0x080014c0   0x436  main.o [1]
  .text              ro code  0x080018f8    0x70  stm32f3xx_hal_tim_ex.o [1]
  .text              ro code  0x08001968   0x1cc  Accelerometer.o [1]
  .text              ro code  0x08001b34    0x78  LED_Lib.o [1]
  .text              ro code  0x08001bac   0x7c8  tasks.o [1]
  .text              ro code  0x08002374    0x56  ABImemcpy_unaligned.o [5]
  .text              ro code  0x080023cc    0x76  cmsis_os.o [1]
  .text              ro code  0x08002444   0x2c8  stm32f3xx_hal_rcc_ex.o [1]
  .text              ro code  0x0800270c   0x528  stm32f3xx_hal_i2c.o [1]
  .text              ro code  0x08002c34    0xca  stm32f3xx_hal_i2c_ex.o [1]
  .text              ro code  0x08002cfe   0x108  stm32f3xx_hal_pcd.o [1]
  .text              ro code  0x08002e08   0x280  heap_4.o [1]
  .text              ro code  0x08003088    0x9e  list.o [1]
  .text              ro code  0x08003128   0x200  port.o [1]
  CODE               ro code  0x08003328    0xa8  portasm.o [1]
  .text              ro code  0x080033d0    0x98  system_stm32f3xx.o [1]
  .text              ro code  0x08003468    0x84  stm32f3xx_it.o [1]
  .rodata            const    0x080034ec    0x40  main.o [1]
  .text              ro code  0x0800352c    0x40  zero_init3.o [5]
  .text              ro code  0x0800356c    0x2c  copy_init3.o [5]
  .text              ro code  0x08003598    0x28  data_init.o [5]
  Initializer bytes  const    0x080035c0    0x28  <for P2-1>
  .text              ro code  0x080035e8    0x22  fpinit_M.o [4]
  .iar.init_table    const    0x0800360c    0x24  - Linker created -
  .text              ro code  0x08003630    0x1a  cmain.o [5]
  .text              ro code  0x0800364a     0x4  low_level_init.o [3]
  .text              ro code  0x0800364e     0x4  exit.o [3]
  .text              ro code  0x08003654     0xa  cexit.o [5]
  .text              ro code  0x08003660    0x14  exit.o [6]
  .rodata            const    0x08003674    0x14  main.o [1]
  .rodata            const    0x08003688    0x10  stm32f3xx_hal_rcc.o [1]
  .rodata            const    0x08003698    0x10  stm32f3xx_hal_rcc.o [1]
  .rodata            const    0x080036a8    0x10  system_stm32f3xx.o [1]
  .text              ro code  0x080036b8    0x10  startup_stm32f303xc.o [1]
  .rodata            const    0x080036c8     0xc  main.o [1]
  .text              ro code  0x080036d4     0xc  cstartup_M.o [5]
  .rodata            const    0x080036e0     0x8  system_stm32f3xx.o [1]
  .rodata            const    0x080036e8     0x8  tasks.o [1]
  .rodata            const    0x080036f0     0x4  heap_4.o [1]
  .text              ro code  0x080036f4     0x4  startup_stm32f303xc.o [1]
  .text              ro code  0x080036f8     0x4  startup_stm32f303xc.o [1]
  .text              ro code  0x080036fc     0x4  startup_stm32f303xc.o [1]
  .text              ro code  0x08003700     0x4  startup_stm32f303xc.o [1]
  .text              ro code  0x08003704     0x4  startup_stm32f303xc.o [1]
  .text              ro code  0x08003708     0x4  startup_stm32f303xc.o [1]
  .text              ro code  0x0800370c     0x4  startup_stm32f303xc.o [1]
  .text              ro code  0x08003710     0x4  startup_stm32f303xc.o [1]
  .text              ro code  0x08003714     0x4  startup_stm32f303xc.o [1]
  .text              ro code  0x08003718     0x4  startup_stm32f303xc.o [1]
  .text              ro code  0x0800371c     0x4  startup_stm32f303xc.o [1]
  .text              ro code  0x08003720     0x4  startup_stm32f303xc.o [1]
  .text              ro code  0x08003724     0x4  startup_stm32f303xc.o [1]
  .text              ro code  0x08003728     0x4  startup_stm32f303xc.o [1]
  .text              ro code  0x0800372c     0x4  startup_stm32f303xc.o [1]
  .text              ro code  0x08003730     0x4  startup_stm32f303xc.o [1]
  .text              ro code  0x08003734     0x4  startup_stm32f303xc.o [1]
  .text              ro code  0x08003738     0x4  startup_stm32f303xc.o [1]
  .text              ro code  0x0800373c     0x4  startup_stm32f303xc.o [1]
  .text              ro code  0x08003740     0x4  startup_stm32f303xc.o [1]
  .text              ro code  0x08003744     0x4  startup_stm32f303xc.o [1]
  .text              ro code  0x08003748     0x4  startup_stm32f303xc.o [1]
  .text              ro code  0x0800374c     0x4  startup_stm32f303xc.o [1]
  .text              ro code  0x08003750     0x4  startup_stm32f303xc.o [1]
  .text              ro code  0x08003754     0x4  startup_stm32f303xc.o [1]
  .text              ro code  0x08003758     0x4  startup_stm32f303xc.o [1]
  .text              ro code  0x0800375c     0x4  startup_stm32f303xc.o [1]
  .text              ro code  0x08003760     0x4  startup_stm32f303xc.o [1]
  .text              ro code  0x08003764     0x4  startup_stm32f303xc.o [1]
  .text              ro code  0x08003768     0x4  startup_stm32f303xc.o [1]
  .text              ro code  0x0800376c     0x4  startup_stm32f303xc.o [1]
  .text              ro code  0x08003770     0x4  startup_stm32f303xc.o [1]
  .text              ro code  0x08003774     0x4  startup_stm32f303xc.o [1]
  .text              ro code  0x08003778     0x4  startup_stm32f303xc.o [1]
  .text              ro code  0x0800377c     0x4  startup_stm32f303xc.o [1]
  .text              ro code  0x08003780     0x4  startup_stm32f303xc.o [1]
  .text              ro code  0x08003784     0x4  startup_stm32f303xc.o [1]
  .text              ro code  0x08003788     0x4  startup_stm32f303xc.o [1]
  .text              ro code  0x0800378c     0x4  startup_stm32f303xc.o [1]
  .text              ro code  0x08003790     0x4  startup_stm32f303xc.o [1]
  .text              ro code  0x08003794     0x4  startup_stm32f303xc.o [1]
  .text              ro code  0x08003798     0x4  startup_stm32f303xc.o [1]
  .text              ro code  0x0800379c     0x4  startup_stm32f303xc.o [1]
  .text              ro code  0x080037a0     0x4  startup_stm32f303xc.o [1]
  .text              ro code  0x080037a4     0x4  startup_stm32f303xc.o [1]
  .text              ro code  0x080037a8     0x4  startup_stm32f303xc.o [1]
  .text              ro code  0x080037ac     0x4  startup_stm32f303xc.o [1]
  .text              ro code  0x080037b0     0x4  startup_stm32f303xc.o [1]
  .text              ro code  0x080037b4     0x4  startup_stm32f303xc.o [1]
  .text              ro code  0x080037b8     0x4  startup_stm32f303xc.o [1]
  .text              ro code  0x080037bc     0x4  startup_stm32f303xc.o [1]
  .text              ro code  0x080037c0     0x4  startup_stm32f303xc.o [1]
  .text              ro code  0x080037c4     0x4  startup_stm32f303xc.o [1]
  .text              ro code  0x080037c8     0x4  startup_stm32f303xc.o [1]
  .text              ro code  0x080037cc     0x4  startup_stm32f303xc.o [1]
  .text              ro code  0x080037d0     0x4  startup_stm32f303xc.o [1]
  .text              ro code  0x080037d4     0x4  startup_stm32f303xc.o [1]
  .text              ro code  0x080037d8     0x4  startup_stm32f303xc.o [1]
  .text              ro code  0x080037dc     0x4  startup_stm32f303xc.o [1]
  .text              ro code  0x080037e0     0x4  startup_stm32f303xc.o [1]
  .text              ro code  0x080037e4     0x4  startup_stm32f303xc.o [1]
  .text              ro code  0x080037e8     0x4  startup_stm32f303xc.o [1]
  .text              ro code  0x080037ec     0x4  startup_stm32f303xc.o [1]
  .rodata            const    0x080037f0     0x0  zero_init3.o [5]
  .rodata            const    0x080037f0     0x0  copy_init3.o [5]
                            - 0x080037f0  0x3668

"P2", part 1 of 3:                          0x28
  P2-1                        0x20000000    0x28  <Init block>
    .data            inited   0x20000000    0x20  LED_Lib.o [1]
    .data            inited   0x20000020     0x4  port.o [1]
    .data            inited   0x20000024     0x4  system_stm32f3xx.o [1]
                            - 0x20000028    0x28

"P2", part 2 of 3:                         0x400
  CSTACK                      0x20000028   0x400  <Block>
    CSTACK           uninit   0x20000028   0x400  <Block tail>
                            - 0x20000428   0x400

"P2", part 3 of 3:                        0x11d4
  .bss               zero     0x20000428   0xc00  heap_4.o [1]
  .bss               zero     0x20001028   0x3a8  main.o [1]
  .bss               zero     0x200013d0    0x8c  tasks.o [1]
  .bss               zero     0x2000145c    0x4c  main.o [1]
  .bss               zero     0x200014a8    0x40  main.o [1]
  .bss               zero     0x200014e8    0x40  stm32f3xx_hal_timebase_TIM.o [1]
  .bss               zero     0x20001528    0x14  tasks.o [1]
  .bss               zero     0x2000153c    0x14  tasks.o [1]
  .bss               zero     0x20001550    0x14  tasks.o [1]
  .bss               zero     0x20001564    0x14  tasks.o [1]
  .bss               zero     0x20001578    0x14  tasks.o [1]
  .bss               zero     0x2000158c     0x8  heap_4.o [1]
  .bss               zero     0x20001594     0x4  heap_4.o [1]
  .bss               zero     0x20001598     0x4  heap_4.o [1]
  .bss               zero     0x2000159c     0x4  heap_4.o [1]
  .bss               zero     0x200015a0     0x4  heap_4.o [1]
  .bss               zero     0x200015a4     0x4  main.o [1]
  .bss               zero     0x200015a8     0x4  main.o [1]
  .bss               zero     0x200015ac     0x4  main.o [1]
  .bss               zero     0x200015b0     0x4  port.o [1]
  .bss               zero     0x200015b4     0x4  stm32f3xx_hal.o [1]
  .bss               zero     0x200015b8     0x4  stm32f3xx_it.o [1]
  .bss               zero     0x200015bc     0x4  tasks.o [1]
  .bss               zero     0x200015c0     0x4  tasks.o [1]
  .bss               zero     0x200015c4     0x4  tasks.o [1]
  .bss               zero     0x200015c8     0x4  tasks.o [1]
  .bss               zero     0x200015cc     0x4  tasks.o [1]
  .bss               zero     0x200015d0     0x4  tasks.o [1]
  .bss               zero     0x200015d4     0x4  tasks.o [1]
  .bss               zero     0x200015d8     0x4  tasks.o [1]
  .bss               zero     0x200015dc     0x4  tasks.o [1]
  .bss               zero     0x200015e0     0x4  tasks.o [1]
  .bss               zero     0x200015e4     0x4  tasks.o [1]
  .bss               zero     0x200015e8     0x4  tasks.o [1]
  .bss               zero     0x200015ec     0x4  tasks.o [1]
  .bss               zero     0x200015f0     0x4  tasks.o [1]
  .bss               zero     0x200015f4     0x4  tasks.o [1]
  .bss               zero     0x200015f8     0x1  port.o [1]
                            - 0x200015f9  0x11d1


*******************************************************************************
*** INIT TABLE
***

          Address     Size
          -------     ----
Zero (__iar_zero_init3)
    1 destination range, total size 0x11d1:
          0x20000428  0x11d1

Copy (__iar_copy_init3)
    1 source range, total size 0x28:
          0x080035c0    0x28
    1 destination range, total size 0x28:
          0x20000000    0x28



*******************************************************************************
*** MODULE SUMMARY
***

    Module                        ro code  ro data  rw data
    ------                        -------  -------  -------
D:\LETI_MAG\9_sem\SW_Testing\Labs\To_Test\LR5\8Bit\EWARM\8Bit\Obj: [1]
    Accelerometer.o                   460
    LED_Lib.o                         120       32       32
    cmsis_os.o                        118
    heap_4.o                          640        4    3 096
    list.o                            158
    main.o                          1 078       96    1 088
    port.o                            512        4        9
    portasm.o                         168
    startup_stm32f303xc.o             660
    stm32f3xx_hal.o                    60                 4
    stm32f3xx_hal_cortex.o            352
    stm32f3xx_hal_gpio.o              542
    stm32f3xx_hal_i2c.o             1 320
    stm32f3xx_hal_i2c_ex.o            202
    stm32f3xx_hal_msp.o               344
    stm32f3xx_hal_pcd.o               264
    stm32f3xx_hal_rcc.o             2 760       32
    stm32f3xx_hal_rcc_ex.o            712
    stm32f3xx_hal_tim.o               716
    stm32f3xx_hal_tim_ex.o            112
    stm32f3xx_hal_timebase_TIM.o      144                64
    stm32f3xx_it.o                    132                 4
    system_stm32f3xx.o                152       28        4
    tasks.o                         1 992        8      300
    -------------------------------------------------------
    Total:                         13 718      204    4 601

command line: [2]
    -------------------------------------------------------
    Total:

dl7M_tlf.a: [3]
    exit.o                              4
    low_level_init.o                    4
    -------------------------------------------------------
    Total:                              8

m7M_tls.a: [4]
    fpinit_M.o                         34
    -------------------------------------------------------
    Total:                             34

rt7M_tl.a: [5]
    ABImemcpy_unaligned.o              86
    cexit.o                            10
    cmain.o                            26
    copy_init3.o                       44
    cstartup_M.o                       12
    data_init.o                        40
    zero_init3.o                       64
    -------------------------------------------------------
    Total:                            282

shb_l.a: [6]
    exit.o                             20
    -------------------------------------------------------
    Total:                             20

    Gaps                               16        2
    Linker created                              36    1 024
-----------------------------------------------------------
    Grand Total:                   14 078      242    5 625


*******************************************************************************
*** ENTRY LIST
***

Entry                      Address   Size  Type      Object
-----                      -------   ----  ----      ------
.iar.init_table$$Base   0x0800360c          --   Gb  - Linker created -
.iar.init_table$$Limit  0x08003630          --   Gb  - Linker created -
?main                   0x08003631         Code  Gb  cmain.o [5]
AHBPrescTable           0x080036a8   0x10  Data  Gb  system_stm32f3xx.o [1]
APBPrescTable           0x080036e0    0x8  Data  Gb  system_stm32f3xx.o [1]
Accel_GetXYZ            0x080019cf  0x12c  Code  Gb  Accelerometer.o [1]
Accel_IO_Read           0x080019bb   0x14  Code  Gb  Accelerometer.o [1]
Accel_ReadData          0x08001b05   0x30  Code  Gb  Accelerometer.o [1]
BusFault_Handler        0x0800346f    0x2  Code  Gb  stm32f3xx_it.o [1]
CSTACK$$Base            0x20000028          --   Gb  - Linker created -
CSTACK$$Limit           0x20000428          --   Gb  - Linker created -
DebugMon_Handler        0x08003473    0x2  Code  Gb  stm32f3xx_it.o [1]
EXTI0_IRQHandler        0x0800347d   0x3c  Code  Gb  stm32f3xx_it.o [1]
Error                   0x08001969   0x10  Code  Gb  Accelerometer.o [1]
HAL_GPIO_EXTI_Callback  0x080014bd    0x2  Code  Wk  stm32f3xx_hal_gpio.o [1]
HAL_GPIO_EXTI_IRQHandler
                        0x08001471   0x1e  Code  Gb  stm32f3xx_hal_gpio.o [1]
HAL_GPIO_Init           0x080012a1  0x1be  Code  Gb  stm32f3xx_hal_gpio.o [1]
HAL_GPIO_WritePin       0x0800145f   0x12  Code  Gb  stm32f3xx_hal_gpio.o [1]
HAL_GetTick             0x08000c7f    0x6  Code  Wk  stm32f3xx_hal.o [1]
HAL_I2CEx_ConfigAnalogFilter
                        0x08002c35   0x64  Code  Gb  stm32f3xx_hal_i2c_ex.o [1]
HAL_I2CEx_ConfigDigitalFilter
                        0x08002c99   0x66  Code  Gb  stm32f3xx_hal_i2c_ex.o [1]
HAL_I2C_Init            0x0800270d   0xcc  Code  Gb  stm32f3xx_hal_i2c.o [1]
HAL_I2C_Mem_Read        0x080027d9  0x1dc  Code  Gb  stm32f3xx_hal_i2c.o [1]
HAL_I2C_MspInit         0x08000ef3   0x46  Code  Gb  stm32f3xx_hal_msp.o [1]
HAL_IncTick             0x08000c73    0xc  Code  Wk  stm32f3xx_hal.o [1]
HAL_Init                0x08000c51   0x22  Code  Gb  stm32f3xx_hal.o [1]
HAL_InitTick            0x08000c8d   0x80  Code  Gb  stm32f3xx_hal_timebase_TIM.o [1]
HAL_MspInit             0x08000e7d   0x76  Code  Gb  stm32f3xx_hal_msp.o [1]
HAL_NVIC_EnableIRQ      0x08000e1f    0xe  Code  Gb  stm32f3xx_hal_cortex.o [1]
HAL_NVIC_SetPriority    0x08000df9   0x26  Code  Gb  stm32f3xx_hal_cortex.o [1]
HAL_NVIC_SetPriorityGrouping
                        0x08000ded    0xc  Code  Gb  stm32f3xx_hal_cortex.o [1]
HAL_PCD_Init            0x08002cff  0x108  Code  Gb  stm32f3xx_hal_pcd.o [1]
HAL_PCD_MspInit         0x08000f71   0x4a  Code  Gb  stm32f3xx_hal_msp.o [1]
HAL_RCCEx_PeriphCLKConfig
                        0x08002445  0x2a8  Code  Gb  stm32f3xx_hal_rcc_ex.o [1]
HAL_RCC_ClockConfig     0x080008f5  0x23c  Code  Gb  stm32f3xx_hal_rcc.o [1]
HAL_RCC_GetClockConfig  0x08000bcd   0x3a  Code  Gb  stm32f3xx_hal_rcc.o [1]
HAL_RCC_GetHCLKFreq     0x08000ba7    0x6  Code  Gb  stm32f3xx_hal_rcc.o [1]
HAL_RCC_GetPCLK2Freq    0x08000bad   0x20  Code  Gb  stm32f3xx_hal_rcc.o [1]
HAL_RCC_GetSysClockFreq
                        0x08000b31   0x76  Code  Gb  stm32f3xx_hal_rcc.o [1]
HAL_RCC_OscConfig       0x08000189  0x76c  Code  Gb  stm32f3xx_hal_rcc.o [1]
HAL_SYSTICK_CLKSourceConfig
                        0x08000e39   0x20  Code  Gb  stm32f3xx_hal_cortex.o [1]
HAL_SYSTICK_Config      0x08000e2d    0xc  Code  Gb  stm32f3xx_hal_cortex.o [1]
HAL_TIMEx_Break2Callback
                        0x0800195f    0x2  Code  Wk  stm32f3xx_hal_tim_ex.o [1]
HAL_TIMEx_BreakCallback
                        0x0800195d    0x2  Code  Wk  stm32f3xx_hal_tim_ex.o [1]
HAL_TIMEx_CommutationCallback
                        0x0800195b    0x2  Code  Wk  stm32f3xx_hal_tim_ex.o [1]
HAL_TIMEx_MasterConfigSynchronization
                        0x080018f9   0x62  Code  Gb  stm32f3xx_hal_tim_ex.o [1]
HAL_TIM_Base_Init       0x08000fd5   0x38  Code  Gb  stm32f3xx_hal_tim.o [1]
HAL_TIM_Base_MspInit    0x08000f39   0x38  Code  Gb  stm32f3xx_hal_msp.o [1]
HAL_TIM_Base_Start_IT   0x0800100d   0x1e  Code  Gb  stm32f3xx_hal_tim.o [1]
HAL_TIM_IC_CaptureCallback
                        0x080011c1    0x2  Code  Wk  stm32f3xx_hal_tim.o [1]
HAL_TIM_IRQHandler      0x0800102b  0x194  Code  Gb  stm32f3xx_hal_tim.o [1]
HAL_TIM_OC_DelayElapsedCallback
                        0x080011bf    0x2  Code  Wk  stm32f3xx_hal_tim.o [1]
HAL_TIM_PWM_PulseFinishedCallback
                        0x080011c3    0x2  Code  Wk  stm32f3xx_hal_tim.o [1]
HAL_TIM_PeriodElapsedCallback
                        0x08001899   0x12  Code  Gb  main.o [1]
HAL_TIM_TriggerCallback
                        0x080011c5    0x2  Code  Wk  stm32f3xx_hal_tim.o [1]
HardFault_Handler       0x0800346b    0x2  Code  Gb  stm32f3xx_it.o [1]
I2C_Flush_TXDR          0x08002a5d   0x24  Code  Lc  stm32f3xx_hal_i2c.o [1]
I2C_IsAcknowledgeFailed
                        0x08002b83   0x7e  Code  Lc  stm32f3xx_hal_i2c.o [1]
I2C_RequestMemoryRead   0x080029b9   0xa4  Code  Lc  stm32f3xx_hal_i2c.o [1]
I2C_TransferConfig      0x08002c01   0x2a  Code  Lc  stm32f3xx_hal_i2c.o [1]
I2C_WaitOnFlagUntilTimeout
                        0x08002a81   0x58  Code  Lc  stm32f3xx_hal_i2c.o [1]
I2C_WaitOnSTOPFlagUntilTimeout
                        0x08002b31   0x52  Code  Lc  stm32f3xx_hal_i2c.o [1]
I2C_WaitOnTXISFlagUntilTimeout
                        0x08002ad9   0x58  Code  Lc  stm32f3xx_hal_i2c.o [1]
I2Cx_ReadData           0x08001979   0x42  Code  Lc  Accelerometer.o [1]
MX_GPIO_Init            0x080017bd   0xc8  Code  Lc  main.o [1]
MX_I2C1_Init            0x080016a9   0x7a  Code  Lc  main.o [1]
MX_TIM7_Init            0x08001723   0x58  Code  Lc  main.o [1]
MX_USB_PCD_Init         0x0800177b   0x42  Code  Lc  main.o [1]
MemManage_Handler       0x0800346d    0x2  Code  Gb  stm32f3xx_it.o [1]
NMI_Handler             0x08003469    0x2  Code  Gb  stm32f3xx_it.o [1]
NVIC_EnableIRQ          0x08000d45   0x14  Code  Lc  stm32f3xx_hal_cortex.o [1]
NVIC_EncodePriority     0x08000d7f   0x3e  Code  Lc  stm32f3xx_hal_cortex.o [1]
NVIC_GetPriorityGrouping
                        0x08000d3b    0xa  Code  Lc  stm32f3xx_hal_cortex.o [1]
NVIC_SetPriority        0x08000d59   0x26  Code  Lc  stm32f3xx_hal_cortex.o [1]
NVIC_SetPriorityGrouping
                        0x08000d1d   0x1e  Code  Lc  stm32f3xx_hal_cortex.o [1]
PendSV_Handler          0x08003329         Code  Gb  portasm.o [1]
Region$$Table$$Base     0x0800360c          --   Gb  - Linker created -
Region$$Table$$Limit    0x08003630          --   Gb  - Linker created -
SVC_Handler             0x08003381         Code  Gb  portasm.o [1]
StartDefaultTask        0x0800188d    0xc  Code  Gb  main.o [1]
SysTick_Config          0x08000dbd   0x30  Code  Lc  stm32f3xx_hal_cortex.o [1]
SysTick_Handler         0x08003475    0x8  Code  Gb  stm32f3xx_it.o [1]
SystemClock_Config      0x080015fb   0xae  Code  Gb  main.o [1]
SystemCoreClock         0x20000024    0x4  Data  Gb  system_stm32f3xx.o [1]
SystemInit              0x080033d1   0x70  Code  Gb  system_stm32f3xx.o [1]
TIM1_UP_TIM16_IRQHandler
                        0x080034b9    0xa  Code  Gb  stm32f3xx_it.o [1]
TIM7_IRQHandler         0x080034c3   0x14  Code  Gb  stm32f3xx_it.o [1]
TIM_Base_SetConfig      0x080011c7   0xbe  Code  Gb  stm32f3xx_hal_tim.o [1]
UsageFault_Handler      0x08003471    0x2  Code  Gb  stm32f3xx_it.o [1]
_Error_Handler          0x080018f5    0x2  Code  Gb  main.o [1]
__cmain                 0x08003631         Code  Gb  cmain.o [5]
__exit                  0x08003661   0x14  Code  Gb  exit.o [6]
__iar_copy_init3        0x0800356d   0x2c  Code  Gb  copy_init3.o [5]
__iar_data_init3        0x08003599   0x28  Code  Gb  data_init.o [5]
__iar_init_vfp          0x080035e9         Code  Gb  fpinit_M.o [4]
__iar_program_start     0x080036d5         Code  Gb  cstartup_M.o [5]
__iar_unaligned___aeabi_memcpy4
                        0x08002375         Code  Gb  ABImemcpy_unaligned.o [5]
__iar_unaligned___aeabi_memcpy8
                        0x08002375         Code  Gb  ABImemcpy_unaligned.o [5]
__iar_zero_init3        0x0800352d   0x40  Code  Gb  zero_init3.o [5]
__low_level_init        0x0800364b    0x4  Code  Gb  low_level_init.o [3]
__vector_table          0x08000000         Data  Gb  startup_stm32f303xc.o [1]
_call_main              0x0800363d         Code  Gb  cmain.o [5]
_exit                   0x08003655         Code  Gb  cexit.o [5]
_main                   0x08003647         Code  Gb  cmain.o [5]
aPLLMULFactorTable      0x08003688   0x10  Data  Gb  stm32f3xx_hal_rcc.o [1]
aPredivFactorTable      0x08003698   0x10  Data  Gb  stm32f3xx_hal_rcc.o [1]
c                       0x200015b8    0x4  Data  Gb  stm32f3xx_it.o [1]
defaultTaskHandle       0x200015a4    0x4  Data  Gb  main.o [1]
exit                    0x0800364f    0x4  Code  Gb  exit.o [3]
hi2c1                   0x2000145c   0x4c  Data  Gb  main.o [1]
hpcd_USB_FS             0x20001028  0x3a8  Data  Gb  main.o [1]
htim1                   0x200014e8   0x40  Data  Gb  stm32f3xx_hal_timebase_TIM.o [1]
htim7                   0x200014a8   0x40  Data  Gb  main.o [1]
main                    0x080015a9   0x52  Code  Gb  main.o [1]
makeFreeRtosPriority    0x080023cd   0x12  Code  Lc  cmsis_os.o [1]
mover                   0x200015ac    0x4  Data  Gb  main.o [1]
off                     0x200015a8    0x4  Data  Gb  main.o [1]
osDelay                 0x08002417   0x1c  Code  Gb  cmsis_os.o [1]
osKernelStart           0x080023df    0xa  Code  Gb  cmsis_os.o [1]
osSystickHandler        0x08002433   0x10  Code  Gb  cmsis_os.o [1]
osThreadCreate          0x080023e9   0x2e  Code  Gb  cmsis_os.o [1]
outChar                 0x08001b59   0x4c  Code  Gb  LED_Lib.o [1]
prvAddCurrentTaskToDelayedList
                        0x080022b1   0x82  Code  Lc  tasks.o [1]
prvAddNewTaskToReadyList
                        0x08001cf9   0xb8  Code  Lc  tasks.o [1]
prvCheckTasksWaitingTermination
                        0x080021b1   0x66  Code  Lc  tasks.o [1]
prvDeleteTCB            0x08002217   0x12  Code  Lc  tasks.o [1]
prvHeapInit             0x08002f99   0x6e  Code  Lc  heap_4.o [1]
prvIdleTask             0x0800212d   0x24  Code  Lc  tasks.o [1]
prvInitialiseNewTask    0x08001c31   0xc8  Code  Lc  tasks.o [1]
prvInitialiseTaskLists  0x08002155   0x54  Code  Lc  tasks.o [1]
prvInsertBlockIntoFreeList
                        0x08003007   0x62  Code  Lc  heap_4.o [1]
prvResetNextTaskUnblockTime
                        0x08002229   0x2e  Code  Lc  tasks.o [1]
prvTaskExitError        0x08003151   0x2a  Code  Lc  port.o [1]
pvPortMalloc            0x08002e09  0x118  Code  Gb  heap_4.o [1]
pxCurrentTCB            0x200015bc    0x4  Data  Gb  tasks.o [1]
pxDelayedTaskList       0x200015c0    0x4  Data  Lc  tasks.o [1]
pxEnd                   0x20001594    0x4  Data  Lc  heap_4.o [1]
pxOverflowDelayedTaskList
                        0x200015c4    0x4  Data  Lc  tasks.o [1]
pxPortInitialiseStack   0x08003129   0x28  Code  Gb  port.o [1]
pxReadyTasksLists       0x200013d0   0x8c  Data  Lc  tasks.o [1]
resetPin                0x08001b47   0x12  Code  Gb  LED_Lib.o [1]
setPin                  0x08001b35   0x12  Code  Gb  LED_Lib.o [1]
ucHeap                  0x20000428  0xc00  Data  Lc  heap_4.o [1]
ucMaxSysCallPriority    0x200015f8    0x1  Data  Lc  port.o [1]
ulMaxPRIGROUPValue      0x200015b0    0x4  Data  Lc  port.o [1]
uwTick                  0x200015b4    0x4  Data  Gb  stm32f3xx_hal.o [1]
uxCriticalNesting       0x20000020    0x4  Data  Lc  port.o [1]
uxCurrentNumberOfTasks  0x200015cc    0x4  Data  Lc  tasks.o [1]
uxDeletedTasksWaitingCleanUp
                        0x200015c8    0x4  Data  Lc  tasks.o [1]
uxListRemove            0x080030ff   0x28  Code  Gb  list.o [1]
uxPendedTicks           0x200015dc    0x4  Data  Lc  tasks.o [1]
uxSchedulerSuspended    0x200015f4    0x4  Data  Lc  tasks.o [1]
uxTaskNumber            0x200015e8    0x4  Data  Lc  tasks.o [1]
uxTopReadyPriority      0x200015d4    0x4  Data  Lc  tasks.o [1]
vListInitialise         0x08003089   0x1e  Code  Gb  list.o [1]
vListInitialiseItem     0x080030a7    0x6  Code  Gb  list.o [1]
vListInsert             0x080030c5   0x3a  Code  Gb  list.o [1]
vListInsertEnd          0x080030ad   0x18  Code  Gb  list.o [1]
vOutputLow              0x080014c1   0xe8  Code  Gb  main.o [1]
vPortEnableVFP          0x080033b5         Code  Gb  portasm.o [1]
vPortEnterCritical      0x08003247   0x3a  Code  Gb  port.o [1]
vPortExitCritical       0x08003281   0x32  Code  Gb  port.o [1]
vPortFree               0x08002f21   0x78  Code  Gb  heap_4.o [1]
vPortSetupTimerInterrupt
                        0x080032db   0x1a  Code  Wk  port.o [1]
vPortStartFirstTask     0x0800339d         Code  Gb  portasm.o [1]
vTaskDelay              0x08001db1   0x4e  Code  Gb  tasks.o [1]
vTaskStartScheduler     0x08001dff   0x68  Code  Gb  tasks.o [1]
vTaskSuspendAll         0x08001e67   0x10  Code  Gb  tasks.o [1]
vTaskSwitchContext      0x080020a9   0x72  Code  Gb  tasks.o [1]
word                    0x20000000   0x20  Data  Gb  LED_Lib.o [1]
xBlockAllocatedBit      0x200015a0    0x4  Data  Lc  heap_4.o [1]
xDelayedTaskList1       0x20001528   0x14  Data  Lc  tasks.o [1]
xDelayedTaskList2       0x2000153c   0x14  Data  Lc  tasks.o [1]
xFreeBytesRemaining     0x20001598    0x4  Data  Lc  heap_4.o [1]
xHeapStructSize         0x080036f0    0x4  Data  Lc  heap_4.o [1]
xIdleTaskHandle         0x200015f0    0x4  Data  Lc  tasks.o [1]
xMinimumEverFreeBytesRemaining
                        0x2000159c    0x4  Data  Lc  heap_4.o [1]
xNextTaskUnblockTime    0x200015ec    0x4  Data  Lc  tasks.o [1]
xNumOfOverflows         0x200015e4    0x4  Data  Lc  tasks.o [1]
xPendingReadyList       0x20001550   0x14  Data  Lc  tasks.o [1]
xPortStartScheduler     0x0800317b   0xcc  Code  Gb  port.o [1]
xPortSysTickHandler     0x080032b3   0x28  Code  Gb  port.o [1]
xSchedulerRunning       0x200015d8    0x4  Data  Lc  tasks.o [1]
xStart                  0x2000158c    0x8  Data  Lc  heap_4.o [1]
xSuspendedTaskList      0x20001578   0x14  Data  Lc  tasks.o [1]
xTaskCreate             0x08001bad   0x84  Code  Gb  tasks.o [1]
xTaskGetSchedulerState  0x0800225d   0x26  Code  Gb  tasks.o [1]
xTaskIncrementTick      0x08001f75  0x134  Code  Gb  tasks.o [1]
xTaskResumeAll          0x08001e77   0xfe  Code  Gb  tasks.o [1]
xTasksWaitingTermination
                        0x20001564   0x14  Data  Lc  tasks.o [1]
xTickCount              0x200015d0    0x4  Data  Lc  tasks.o [1]
xYieldPending           0x200015e0    0x4  Data  Lc  tasks.o [1]


[1] = D:\LETI_MAG\9_sem\SW_Testing\Labs\To_Test\LR5\8Bit\EWARM\8Bit\Obj
[2] = command line
[3] = dl7M_tlf.a
[4] = m7M_tls.a
[5] = rt7M_tl.a
[6] = shb_l.a

  14 078 bytes of readonly  code memory
     242 bytes of readonly  data memory
   5 625 bytes of readwrite data memory

Errors: none
Warnings: none
